// Jest Snapshot v1, https://goo.gl/fbAQLP

exports[`matches snapshot 1`] = `
<DocumentFragment>
  <div>
    <form>
      <input
        type="text"
        value=""
      />
      <button
        type="submit"
      >
        Add Todo
      </button>
    </form>
    <div>
      <span>
        Test task 1
      </span>
      <button>
        X
      </button>
    </div>
    <div>
      <span>
        Test task 2
      </span>
      <button>
        X
      </button>
    </div>
  </div>
</DocumentFragment>
`;
